=\pretest.json 
{
  _: [],
  f: [
    'c:\\Users\\Dell\\Desktop\\VLEAD\\DLD\\exp-multipliers-iiith\\experiment\\pretest.json'
  ],
  files: [
    'c:\\Users\\Dell\\Desktop\\VLEAD\\DLD\\exp-multipliers-iiith\\experiment\\pretest.json'
  ],
  c: 'assessment',
  contentTypes: 'assessment',
  'content-types': 'assessment',
  '$0': 'validate'
}
Validated true
=\posttest.json 
{
  _: [],
  f: [
    'c:\\Users\\Dell\\Desktop\\VLEAD\\DLD\\exp-multipliers-iiith\\experiment\\posttest.json'
  ],
  files: [
    'c:\\Users\\Dell\\Desktop\\VLEAD\\DLD\\exp-multipliers-iiith\\experiment\\posttest.json'
  ],
  c: 'assessment',
  contentTypes: 'assessment',
  'content-types': 'assessment',
  '$0': 'validate'
}
Validated true
